// Jest Snapshot v1, https://goo.gl/fbAQLP

exports[`<CourseCard/> should render the heading 1`] = `
<main
  class=""
>
  <h1>
    CourseCard
  </h1>
</main>
`;
